ARM GAS  ../../source/src/CMSIS/startup/startup_stm32f10x_hd.s 			page 1


   1              	/**
   2              	  ******************************************************************************
   3              	  * @file      startup_stm32f10x_hd.s
   4              	  * @author    MCD Application Team
   5              	  * @version   V3.5.0
   6              	  * @date      11-March-2011
   7              	  * @brief     STM32F10x High Density Devices vector table for RIDE7 toolchain. 
   8              	  *            This module performs:
   9              	  *                - Set the initial SP
  10              	  *                - Set the initial PC == Reset_Handler,
  11              	  *                - Set the vector table entries with the exceptions ISR address
  12              	  *                - Configure the clock system and the external SRAM mounted on 
  13              	  *                  STM3210E-EVAL board to be used as data memory (optional, 
  14              	  *                  to be enabled by user)
  15              	  *                - Branches to main in the C library (which eventually
  16              	  *                  calls main()).
  17              	  *            After Reset the Cortex-M3 processor is in Thread mode,
  18              	  *            priority is Privileged, and the Stack is set to Main.
  19              	  ******************************************************************************
  20              	  * @attention
  21              	  *
  22              	  * THE PRESENT FIRMWARE WHICH IS FOR GUIDANCE ONLY AIMS AT PROVIDING CUSTOMERS
  23              	  * WITH CODING INFORMATION REGARDING THEIR PRODUCTS IN ORDER FOR THEM TO SAVE
  24              	  * TIME. AS A RESULT, STMICROELECTRONICS SHALL NOT BE HELD LIABLE FOR ANY
  25              	  * DIRECT, INDIRECT OR CONSEQUENTIAL DAMAGES WITH RESPECT TO ANY CLAIMS ARISING
  26              	  * FROM THE CONTENT OF SUCH FIRMWARE AND/OR THE USE MADE BY CUSTOMERS OF THE
  27              	  * CODING INFORMATION CONTAINED HEREIN IN CONNECTION WITH THEIR PRODUCTS.
  28              	  *
  29              	  * <h2><center>&copy; COPYRIGHT 2011 STMicroelectronics</center></h2>
  30              	  ******************************************************************************
  31              	  */
  32              	    
  33              	  .syntax unified
  34              	  .cpu cortex-m3
  35              	  .fpu softvfp
  36              	  .thumb
  37              	
  38              	.global  g_pfnVectors
  39              	.global  Default_Handler
  40              	
  41              	/* start address for the initialization values of the .data section. 
  42              	defined in linker script */
  43 0000 00000000 	.word  _sidata
  44              	/* start address for the .data section. defined in linker script */  
  45 0004 00000000 	.word  _sdata
  46              	/* end address for the .data section. defined in linker script */
  47 0008 00000000 	.word  _edata
  48              	/* start address for the .bss section. defined in linker script */
  49 000c 00000000 	.word  _sbss
  50              	/* end address for the .bss section. defined in linker script */
  51 0010 00000000 	.word  _ebss
  52              	/* stack used for SystemInit_ExtMemCtl; always internal RAM used */
  53              	
  54              	.equ  BootRAM,        0xF1E0F85F
  55              	/**
  56              	 * @brief  This is the code that gets called when the processor first
  57              	 *          starts execution following a reset event. Only the absolutely
ARM GAS  ../../source/src/CMSIS/startup/startup_stm32f10x_hd.s 			page 2


  58              	 *          necessary set is performed, after which the application
  59              	 *          supplied main() routine is called. 
  60              	 * @param  None
  61              	 * @retval : None
  62              	*/
  63              	
  64              	    .section  .text.Reset_Handler
  65              	  .weak  Reset_Handler
  66              	  .type  Reset_Handler, %function
  67              	Reset_Handler:  
  68              	
  69              	/* Copy the data segment initializers from flash to SRAM */  
  70 0000 0021     	  movs  r1, #0
  71 0002 03E0     	  b  LoopCopyDataInit
  72              	
  73              	CopyDataInit:
  74 0004 0A4B     	  ldr  r3, =_sidata
  75 0006 5B58     	  ldr  r3, [r3, r1]
  76 0008 4350     	  str  r3, [r0, r1]
  77 000a 0431     	  adds  r1, r1, #4
  78              	    
  79              	LoopCopyDataInit:
  80 000c 0948     	  ldr  r0, =_sdata
  81 000e 0A4B     	  ldr  r3, =_edata
  82 0010 4218     	  adds  r2, r0, r1
  83 0012 9A42     	  cmp  r2, r3
  84 0014 F6D3     	  bcc  CopyDataInit
  85 0016 094A     	  ldr  r2, =_sbss
  86 0018 02E0     	  b  LoopFillZerobss
  87              	/* Zero fill the bss segment. */  
  88              	FillZerobss:
  89 001a 0023     	  movs  r3, #0
  90 001c 42F8043B 	  str  r3, [r2], #4
  91              	    
  92              	LoopFillZerobss:
  93 0020 074B     	  ldr  r3, = _ebss
  94 0022 9A42     	  cmp  r2, r3
  95 0024 F9D3     	  bcc  FillZerobss
  96              	/* Call the clock system intitialization function.*/
  97 0026 FFF7FEFF 	  bl  SystemInit   
  98              	/* Call the application's entry point.*/
  99 002a FFF7FEFF 	  bl  main
 100 002e 7047     	  bx  lr    
 101              	.size  Reset_Handler, .-Reset_Handler
 102              	
 103              	/******/
 104              	
 105              	.section  .text.HardFault_Handler
 106              	  .weak  HardFault_Handler
 107              	  .type  HardFault_Handler, %function
 108              	HardFault_Handler: 
 109              		.global hard_fault_handler_c
 110 0000 1EF0040F 		TST LR, #4
 111 0004 0CBF     		ITE EQ
 112 0006 EFF30880 		MRSEQ R0, MSP
 113 000a EFF30980 		MRSNE R0, PSP
 114 000e FFF7FEBF 		B hard_fault_handler_c
ARM GAS  ../../source/src/CMSIS/startup/startup_stm32f10x_hd.s 			page 3


 115              	
 116              	.size  HardFault_Handler, .-HardFault_Handler
 117              	/**
 118              	 * @brief  This is the code that gets called when the processor receives an 
 119              	 *         unexpected interrupt.  This simply enters an infinite loop, preserving
 120              	 *         the system state for examination by a debugger.
 121              	 * @param  None     
 122              	 * @retval None       
 123              	*/
 124              	    .section  .text.Default_Handler,"ax",%progbits
 125              	Default_Handler:
 126              	Infinite_Loop:
 127 0000 FEE7     	  b  Infinite_Loop
 128              		
 129              	
 130              	  .size  Default_Handler, .-Default_Handler
 131              	/******************************************************************************
 132              	*
 133              	* The minimal vector table for a Cortex M3. Note that the proper constructs
 134              	* must be placed on this to ensure that it ends up at physical address
 135              	* 0x0000.0000.
 136              	* 
 137              	*******************************************************************************/
 138              	   .section  .isr_vector,"a",%progbits
 139              	  .type  g_pfnVectors, %object
 140              	  .size  g_pfnVectors, .-g_pfnVectors
 141              	    
 142              	    
 143              	g_pfnVectors:
 144 0000 00000000 	  .word  _estack
 145 0004 00000000 	  .word  Reset_Handler
 146 0008 00000000 	  .word  NMI_Handler
 147 000c 00000000 	  .word  HardFault_Handler
 148 0010 00000000 	  .word  MemManage_Handler
 149 0014 00000000 	  .word  BusFault_Handler
 150 0018 00000000 	  .word  UsageFault_Handler
 151 001c 00000000 	  .word  0
 152 0020 00000000 	  .word  0
 153 0024 00000000 	  .word  0
 154 0028 00000000 	  .word  0
 155 002c 00000000 	  .word  SVC_Handler
 156 0030 00000000 	  .word  DebugMon_Handler
 157 0034 00000000 	  .word  0
 158 0038 00000000 	  .word  OS_CPU_PendSVHandler
 159 003c 00000000 	  .word  OS_CPU_SysTickHandler
 160 0040 00000000 	  .word  WWDG_IRQHandler
 161 0044 00000000 	  .word  PVD_IRQHandler
 162 0048 00000000 	  .word  TAMPER_IRQHandler
 163 004c 00000000 	  .word  RTC_IRQHandler
 164 0050 00000000 	  .word  FLASH_IRQHandler
 165 0054 00000000 	  .word  RCC_IRQHandler
 166 0058 00000000 	  .word  EXTI0_IRQHandler
 167 005c 00000000 	  .word  EXTI1_IRQHandler
 168 0060 00000000 	  .word  EXTI2_IRQHandler
 169 0064 00000000 	  .word  EXTI3_IRQHandler
 170 0068 00000000 	  .word  EXTI4_IRQHandler
 171 006c 00000000 	  .word  DMA1_Channel1_IRQHandler
ARM GAS  ../../source/src/CMSIS/startup/startup_stm32f10x_hd.s 			page 4


 172 0070 00000000 	  .word  DMA1_Channel2_IRQHandler
 173 0074 00000000 	  .word  DMA1_Channel3_IRQHandler
 174 0078 00000000 	  .word  DMA1_Channel4_IRQHandler
 175 007c 00000000 	  .word  DMA1_Channel5_IRQHandler
 176 0080 00000000 	  .word  DMA1_Channel6_IRQHandler
 177 0084 00000000 	  .word  DMA1_Channel7_IRQHandler
 178 0088 00000000 	  .word  ADC1_2_IRQHandler
 179 008c 00000000 	  .word  USB_HP_CAN1_TX_IRQHandler
 180 0090 00000000 	  .word  USB_LP_CAN1_RX0_IRQHandler
 181 0094 00000000 	  .word  CAN1_RX1_IRQHandler
 182 0098 00000000 	  .word  CAN1_SCE_IRQHandler
 183 009c 00000000 	  .word  EXTI9_5_IRQHandler
 184 00a0 00000000 	  .word  TIM1_BRK_IRQHandler
 185 00a4 00000000 	  .word  TIM1_UP_IRQHandler
 186 00a8 00000000 	  .word  TIM1_TRG_COM_IRQHandler
 187 00ac 00000000 	  .word  TIM1_CC_IRQHandler
 188 00b0 00000000 	  .word  TIM2_IRQHandler
 189 00b4 00000000 	  .word  TIM3_IRQHandler
 190 00b8 00000000 	  .word  TIM4_IRQHandler
 191 00bc 00000000 	  .word  I2C1_EV_IRQHandler
 192 00c0 00000000 	  .word  I2C1_ER_IRQHandler
 193 00c4 00000000 	  .word  I2C2_EV_IRQHandler
 194 00c8 00000000 	  .word  I2C2_ER_IRQHandler
 195 00cc 00000000 	  .word  SPI1_IRQHandler
 196 00d0 00000000 	  .word  SPI2_IRQHandler
 197 00d4 00000000 	  .word  USART1_IRQHandler
 198 00d8 00000000 	  .word  USART2_IRQHandler
 199 00dc 00000000 	  .word  USART3_IRQHandler
 200 00e0 00000000 	  .word  EXTI15_10_IRQHandler
 201 00e4 00000000 	  .word  RTCAlarm_IRQHandler
 202 00e8 00000000 	  .word  USBWakeUp_IRQHandler
 203 00ec 00000000 	  .word  TIM8_BRK_IRQHandler
 204 00f0 00000000 	  .word  TIM8_UP_IRQHandler
 205 00f4 00000000 	  .word  TIM8_TRG_COM_IRQHandler
 206 00f8 00000000 	  .word  TIM8_CC_IRQHandler
 207 00fc 00000000 	  .word  ADC3_IRQHandler
 208 0100 00000000 	  .word  FSMC_IRQHandler
 209 0104 00000000 	  .word  SDIO_IRQHandler
 210 0108 00000000 	  .word  TIM5_IRQHandler
 211 010c 00000000 	  .word  SPI3_IRQHandler
 212 0110 00000000 	  .word  UART4_IRQHandler
 213 0114 00000000 	  .word  UART5_IRQHandler
 214 0118 00000000 	  .word  TIM6_IRQHandler
 215 011c 00000000 	  .word  TIM7_IRQHandler
 216 0120 00000000 	  .word  DMA2_Channel1_IRQHandler
 217 0124 00000000 	  .word  DMA2_Channel2_IRQHandler
 218 0128 00000000 	  .word  DMA2_Channel3_IRQHandler
 219 012c 00000000 	  .word  DMA2_Channel4_5_IRQHandler
 220 0130 00000000 	  .word  0
 221 0134 00000000 	  .word  0
 222 0138 00000000 	  .word  0
 223 013c 00000000 	  .word  0
 224 0140 00000000 	  .word  0
 225 0144 00000000 	  .word  0
 226 0148 00000000 	  .word  0
 227 014c 00000000 	  .word  0
 228 0150 00000000 	  .word  0
ARM GAS  ../../source/src/CMSIS/startup/startup_stm32f10x_hd.s 			page 5


 229 0154 00000000 	  .word  0
 230 0158 00000000 	  .word  0
 231 015c 00000000 	  .word  0
 232 0160 00000000 	  .word  0
 233 0164 00000000 	  .word  0
 234 0168 00000000 	  .word  0
 235 016c 00000000 	  .word  0
 236 0170 00000000 	  .word  0
 237 0174 00000000 	  .word  0
 238 0178 00000000 	  .word  0
 239 017c 00000000 	  .word  0
 240 0180 00000000 	  .word  0
 241 0184 00000000 	  .word  0
 242 0188 00000000 	  .word  0
 243 018c 00000000 	  .word  0
 244 0190 00000000 	  .word  0
 245 0194 00000000 	  .word  0
 246 0198 00000000 	  .word  0
 247 019c 00000000 	  .word  0
 248 01a0 00000000 	  .word  0
 249 01a4 00000000 	  .word  0
 250 01a8 00000000 	  .word  0
 251 01ac 00000000 	  .word  0
 252 01b0 00000000 	  .word  0
 253 01b4 00000000 	  .word  0
 254 01b8 00000000 	  .word  0
 255 01bc 00000000 	  .word  0
 256 01c0 00000000 	  .word  0
 257 01c4 00000000 	  .word  0
 258 01c8 00000000 	  .word  0
 259 01cc 00000000 	  .word  0
 260 01d0 00000000 	  .word  0
 261 01d4 00000000 	  .word  0
 262 01d8 00000000 	  .word  0
 263 01dc 00000000 	  .word  0
 264 01e0 5FF8E0F1 	  .word  BootRAM       /* @0x1E0. This is for boot in RAM mode for 
 265              	                         STM32F10x High Density devices. */
 266              	/*******************************************************************************
 267              	*
 268              	* Provide weak aliases for each Exception handler to the Default_Handler. 
 269              	* As they are weak aliases, any function with the same name will override 
 270              	* this definition.
 271              	* 
 272              	*******************************************************************************/
 273              	    
 274              	  .weak  NMI_Handler
 275              	  .thumb_set NMI_Handler,Default_Handler
 276              	  
 277              	/*  .weak  HardFault_Handler
 278              	  .thumb_set HardFault_Handler,OS_HardFault_Handler
 279              	*/  
 280              	  .weak  MemManage_Handler
 281              	  .thumb_set MemManage_Handler,Default_Handler
 282              	  
 283              	  .weak  BusFault_Handler
 284              	  .thumb_set BusFault_Handler,Default_Handler
 285              	
ARM GAS  ../../source/src/CMSIS/startup/startup_stm32f10x_hd.s 			page 6


 286              	  .weak  UsageFault_Handler
 287              	  .thumb_set UsageFault_Handler,Default_Handler
 288              	
 289              	  .weak  SVC_Handler
 290              	  .thumb_set SVC_Handler,Default_Handler
 291              	
 292              	  .weak  DebugMon_Handler
 293              	  .thumb_set DebugMon_Handler,Default_Handler
 294              	
 295              	  .weak  OS_CPU_PendSVHandler
 296              	  .thumb_set PendSV_Handler,Default_Handler
 297              	
 298              	  .weak  OS_CPU_SysTickHandler
 299              	  .thumb_set SysTick_Handler,Default_Handler
 300              	
 301              	  .weak  WWDG_IRQHandler
 302              	  .thumb_set WWDG_IRQHandler,Default_Handler
 303              	
 304              	  .weak  PVD_IRQHandler
 305              	  .thumb_set PVD_IRQHandler,Default_Handler
 306              	
 307              	  .weak  TAMPER_IRQHandler
 308              	  .thumb_set TAMPER_IRQHandler,Default_Handler
 309              	
 310              	  .weak  RTC_IRQHandler
 311              	  .thumb_set RTC_IRQHandler,Default_Handler
 312              	
 313              	  .weak  FLASH_IRQHandler
 314              	  .thumb_set FLASH_IRQHandler,Default_Handler
 315              	
 316              	  .weak  RCC_IRQHandler
 317              	  .thumb_set RCC_IRQHandler,Default_Handler
 318              	
 319              	  .weak  EXTI0_IRQHandler
 320              	  .thumb_set EXTI0_IRQHandler,Default_Handler
 321              	
 322              	  .weak  EXTI1_IRQHandler
 323              	  .thumb_set EXTI1_IRQHandler,Default_Handler
 324              	
 325              	  .weak  EXTI2_IRQHandler
 326              	  .thumb_set EXTI2_IRQHandler,Default_Handler
 327              	
 328              	  .weak  EXTI3_IRQHandler
 329              	  .thumb_set EXTI3_IRQHandler,Default_Handler
 330              	
 331              	  .weak  EXTI4_IRQHandler
 332              	  .thumb_set EXTI4_IRQHandler,Default_Handler
 333              	
 334              	  .weak  DMA1_Channel1_IRQHandler
 335              	  .thumb_set DMA1_Channel1_IRQHandler,Default_Handler
 336              	
 337              	  .weak  DMA1_Channel2_IRQHandler
 338              	  .thumb_set DMA1_Channel2_IRQHandler,Default_Handler
 339              	
 340              	  .weak  DMA1_Channel3_IRQHandler
 341              	  .thumb_set DMA1_Channel3_IRQHandler,Default_Handler
 342              	
ARM GAS  ../../source/src/CMSIS/startup/startup_stm32f10x_hd.s 			page 7


 343              	  .weak  DMA1_Channel4_IRQHandler
 344              	  .thumb_set DMA1_Channel4_IRQHandler,Default_Handler
 345              	
 346              	  .weak  DMA1_Channel5_IRQHandler
 347              	  .thumb_set DMA1_Channel5_IRQHandler,Default_Handler
 348              	
 349              	  .weak  DMA1_Channel6_IRQHandler
 350              	  .thumb_set DMA1_Channel6_IRQHandler,Default_Handler
 351              	
 352              	  .weak  DMA1_Channel7_IRQHandler
 353              	  .thumb_set DMA1_Channel7_IRQHandler,Default_Handler
 354              	
 355              	  .weak  ADC1_2_IRQHandler
 356              	  .thumb_set ADC1_2_IRQHandler,Default_Handler
 357              	
 358              	  .weak  USB_HP_CAN1_TX_IRQHandler
 359              	  .thumb_set USB_HP_CAN1_TX_IRQHandler,Default_Handler
 360              	
 361              	  .weak  USB_LP_CAN1_RX0_IRQHandler
 362              	  .thumb_set USB_LP_CAN1_RX0_IRQHandler,Default_Handler
 363              	
 364              	  .weak  CAN1_RX1_IRQHandler
 365              	  .thumb_set CAN1_RX1_IRQHandler,Default_Handler
 366              	
 367              	  .weak  CAN1_SCE_IRQHandler
 368              	  .thumb_set CAN1_SCE_IRQHandler,Default_Handler
 369              	
 370              	  .weak  EXTI9_5_IRQHandler
 371              	  .thumb_set EXTI9_5_IRQHandler,Default_Handler
 372              	
 373              	  .weak  TIM1_BRK_IRQHandler
 374              	  .thumb_set TIM1_BRK_IRQHandler,Default_Handler
 375              	
 376              	  .weak  TIM1_UP_IRQHandler
 377              	  .thumb_set TIM1_UP_IRQHandler,Default_Handler
 378              	
 379              	  .weak  TIM1_TRG_COM_IRQHandler
 380              	  .thumb_set TIM1_TRG_COM_IRQHandler,Default_Handler
 381              	
 382              	  .weak  TIM1_CC_IRQHandler
 383              	  .thumb_set TIM1_CC_IRQHandler,Default_Handler
 384              	
 385              	  .weak  TIM2_IRQHandler
 386              	  .thumb_set TIM2_IRQHandler,Default_Handler
 387              	
 388              	  .weak  TIM3_IRQHandler
 389              	  .thumb_set TIM3_IRQHandler,Default_Handler
 390              	
 391              	  .weak  TIM4_IRQHandler
 392              	  .thumb_set TIM4_IRQHandler,Default_Handler
 393              	
 394              	  .weak  I2C1_EV_IRQHandler
 395              	  .thumb_set I2C1_EV_IRQHandler,Default_Handler
 396              	
 397              	  .weak  I2C1_ER_IRQHandler
 398              	  .thumb_set I2C1_ER_IRQHandler,Default_Handler
 399              	
ARM GAS  ../../source/src/CMSIS/startup/startup_stm32f10x_hd.s 			page 8


 400              	  .weak  I2C2_EV_IRQHandler
 401              	  .thumb_set I2C2_EV_IRQHandler,Default_Handler
 402              	
 403              	  .weak  I2C2_ER_IRQHandler
 404              	  .thumb_set I2C2_ER_IRQHandler,Default_Handler
 405              	
 406              	  .weak  SPI1_IRQHandler
 407              	  .thumb_set SPI1_IRQHandler,Default_Handler
 408              	
 409              	  .weak  SPI2_IRQHandler
 410              	  .thumb_set SPI2_IRQHandler,Default_Handler
 411              	
 412              	  .weak  USART1_IRQHandler
 413              	  .thumb_set USART1_IRQHandler,Default_Handler
 414              	
 415              	  .weak  USART2_IRQHandler
 416              	  .thumb_set USART2_IRQHandler,Default_Handler
 417              	
 418              	  .weak  USART3_IRQHandler
 419              	  .thumb_set USART3_IRQHandler,Default_Handler
 420              	
 421              	  .weak  EXTI15_10_IRQHandler
 422              	  .thumb_set EXTI15_10_IRQHandler,Default_Handler
 423              	
 424              	  .weak  RTCAlarm_IRQHandler
 425              	  .thumb_set RTCAlarm_IRQHandler,Default_Handler
 426              	
 427              	  .weak  USBWakeUp_IRQHandler
 428              	  .thumb_set USBWakeUp_IRQHandler,Default_Handler
 429              	
 430              	  .weak  TIM8_BRK_IRQHandler
 431              	  .thumb_set TIM8_BRK_IRQHandler,Default_Handler
 432              	
 433              	  .weak  TIM8_UP_IRQHandler
 434              	  .thumb_set TIM8_UP_IRQHandler,Default_Handler
 435              	
 436              	  .weak  TIM8_TRG_COM_IRQHandler
 437              	  .thumb_set TIM8_TRG_COM_IRQHandler,Default_Handler
 438              	
 439              	  .weak  TIM8_CC_IRQHandler
 440              	  .thumb_set TIM8_CC_IRQHandler,Default_Handler
 441              	
 442              	  .weak  ADC3_IRQHandler
 443              	  .thumb_set ADC3_IRQHandler,Default_Handler
 444              	
 445              	  .weak  FSMC_IRQHandler
 446              	  .thumb_set FSMC_IRQHandler,Default_Handler
 447              	
 448              	  .weak  SDIO_IRQHandler
 449              	  .thumb_set SDIO_IRQHandler,Default_Handler
 450              	
 451              	  .weak  TIM5_IRQHandler
 452              	  .thumb_set TIM5_IRQHandler,Default_Handler
 453              	
 454              	  .weak  SPI3_IRQHandler
 455              	  .thumb_set SPI3_IRQHandler,Default_Handler
 456              	
ARM GAS  ../../source/src/CMSIS/startup/startup_stm32f10x_hd.s 			page 9


 457              	  .weak  UART4_IRQHandler
 458              	  .thumb_set UART4_IRQHandler,Default_Handler
 459              	
 460              	  .weak  UART5_IRQHandler
 461              	  .thumb_set UART5_IRQHandler,Default_Handler
 462              	
 463              	  .weak  TIM6_IRQHandler
 464              	  .thumb_set TIM6_IRQHandler,Default_Handler
 465              	
 466              	  .weak  TIM7_IRQHandler
 467              	  .thumb_set TIM7_IRQHandler,Default_Handler
 468              	
 469              	  .weak  DMA2_Channel1_IRQHandler
 470              	  .thumb_set DMA2_Channel1_IRQHandler,Default_Handler
 471              	
 472              	  .weak  DMA2_Channel2_IRQHandler
 473              	  .thumb_set DMA2_Channel2_IRQHandler,Default_Handler
 474              	
 475              	  .weak  DMA2_Channel3_IRQHandler
 476              	  .thumb_set DMA2_Channel3_IRQHandler,Default_Handler
 477              	
 478              	  .weak  DMA2_Channel4_5_IRQHandler
 479              	  .thumb_set DMA2_Channel4_5_IRQHandler,Default_Handler
 480              	
 481              	/******************* (C) COPYRIGHT 2011 STMicroelectronics *****END OF FILE****/
ARM GAS  ../../source/src/CMSIS/startup/startup_stm32f10x_hd.s 			page 10


DEFINED SYMBOLS
../../source/src/CMSIS/startup/startup_stm32f10x_hd.s:143    .isr_vector:00000000 g_pfnVectors
../../source/src/CMSIS/startup/startup_stm32f10x_hd.s:125    .text.Default_Handler:00000000 Default_Handler
../../source/src/CMSIS/startup/startup_stm32f10x_hd.s:54     *ABS*:f1e0f85f BootRAM
../../source/src/CMSIS/startup/startup_stm32f10x_hd.s:67     .text.Reset_Handler:00000000 Reset_Handler
../../source/src/CMSIS/startup/startup_stm32f10x_hd.s:70     .text.Reset_Handler:00000000 $t
../../source/src/CMSIS/startup/startup_stm32f10x_hd.s:79     .text.Reset_Handler:0000000c LoopCopyDataInit
../../source/src/CMSIS/startup/startup_stm32f10x_hd.s:73     .text.Reset_Handler:00000004 CopyDataInit
../../source/src/CMSIS/startup/startup_stm32f10x_hd.s:92     .text.Reset_Handler:00000020 LoopFillZerobss
../../source/src/CMSIS/startup/startup_stm32f10x_hd.s:88     .text.Reset_Handler:0000001a FillZerobss
../../source/src/CMSIS/startup/startup_stm32f10x_hd.s:108    .text.HardFault_Handler:00000000 HardFault_Handler
../../source/src/CMSIS/startup/startup_stm32f10x_hd.s:110    .text.HardFault_Handler:00000000 $t
../../source/src/CMSIS/startup/startup_stm32f10x_hd.s:126    .text.Default_Handler:00000000 Infinite_Loop
../../source/src/CMSIS/startup/startup_stm32f10x_hd.s:127    .text.Default_Handler:00000000 $t
../../source/src/CMSIS/startup/startup_stm32f10x_hd.s:125    .text.Default_Handler:00000000 NMI_Handler
../../source/src/CMSIS/startup/startup_stm32f10x_hd.s:125    .text.Default_Handler:00000000 MemManage_Handler
../../source/src/CMSIS/startup/startup_stm32f10x_hd.s:125    .text.Default_Handler:00000000 BusFault_Handler
../../source/src/CMSIS/startup/startup_stm32f10x_hd.s:125    .text.Default_Handler:00000000 UsageFault_Handler
../../source/src/CMSIS/startup/startup_stm32f10x_hd.s:125    .text.Default_Handler:00000000 SVC_Handler
../../source/src/CMSIS/startup/startup_stm32f10x_hd.s:125    .text.Default_Handler:00000000 DebugMon_Handler
../../source/src/CMSIS/startup/startup_stm32f10x_hd.s:125    .text.Default_Handler:00000000 WWDG_IRQHandler
../../source/src/CMSIS/startup/startup_stm32f10x_hd.s:125    .text.Default_Handler:00000000 PVD_IRQHandler
../../source/src/CMSIS/startup/startup_stm32f10x_hd.s:125    .text.Default_Handler:00000000 TAMPER_IRQHandler
../../source/src/CMSIS/startup/startup_stm32f10x_hd.s:125    .text.Default_Handler:00000000 RTC_IRQHandler
../../source/src/CMSIS/startup/startup_stm32f10x_hd.s:125    .text.Default_Handler:00000000 FLASH_IRQHandler
../../source/src/CMSIS/startup/startup_stm32f10x_hd.s:125    .text.Default_Handler:00000000 RCC_IRQHandler
../../source/src/CMSIS/startup/startup_stm32f10x_hd.s:125    .text.Default_Handler:00000000 EXTI0_IRQHandler
../../source/src/CMSIS/startup/startup_stm32f10x_hd.s:125    .text.Default_Handler:00000000 EXTI1_IRQHandler
../../source/src/CMSIS/startup/startup_stm32f10x_hd.s:125    .text.Default_Handler:00000000 EXTI2_IRQHandler
../../source/src/CMSIS/startup/startup_stm32f10x_hd.s:125    .text.Default_Handler:00000000 EXTI3_IRQHandler
../../source/src/CMSIS/startup/startup_stm32f10x_hd.s:125    .text.Default_Handler:00000000 EXTI4_IRQHandler
../../source/src/CMSIS/startup/startup_stm32f10x_hd.s:125    .text.Default_Handler:00000000 DMA1_Channel1_IRQHandler
../../source/src/CMSIS/startup/startup_stm32f10x_hd.s:125    .text.Default_Handler:00000000 DMA1_Channel2_IRQHandler
../../source/src/CMSIS/startup/startup_stm32f10x_hd.s:125    .text.Default_Handler:00000000 DMA1_Channel3_IRQHandler
../../source/src/CMSIS/startup/startup_stm32f10x_hd.s:125    .text.Default_Handler:00000000 DMA1_Channel4_IRQHandler
../../source/src/CMSIS/startup/startup_stm32f10x_hd.s:125    .text.Default_Handler:00000000 DMA1_Channel5_IRQHandler
../../source/src/CMSIS/startup/startup_stm32f10x_hd.s:125    .text.Default_Handler:00000000 DMA1_Channel6_IRQHandler
../../source/src/CMSIS/startup/startup_stm32f10x_hd.s:125    .text.Default_Handler:00000000 DMA1_Channel7_IRQHandler
../../source/src/CMSIS/startup/startup_stm32f10x_hd.s:125    .text.Default_Handler:00000000 ADC1_2_IRQHandler
../../source/src/CMSIS/startup/startup_stm32f10x_hd.s:125    .text.Default_Handler:00000000 USB_HP_CAN1_TX_IRQHandler
../../source/src/CMSIS/startup/startup_stm32f10x_hd.s:125    .text.Default_Handler:00000000 USB_LP_CAN1_RX0_IRQHandler
../../source/src/CMSIS/startup/startup_stm32f10x_hd.s:125    .text.Default_Handler:00000000 CAN1_RX1_IRQHandler
../../source/src/CMSIS/startup/startup_stm32f10x_hd.s:125    .text.Default_Handler:00000000 CAN1_SCE_IRQHandler
../../source/src/CMSIS/startup/startup_stm32f10x_hd.s:125    .text.Default_Handler:00000000 EXTI9_5_IRQHandler
../../source/src/CMSIS/startup/startup_stm32f10x_hd.s:125    .text.Default_Handler:00000000 TIM1_BRK_IRQHandler
../../source/src/CMSIS/startup/startup_stm32f10x_hd.s:125    .text.Default_Handler:00000000 TIM1_UP_IRQHandler
../../source/src/CMSIS/startup/startup_stm32f10x_hd.s:125    .text.Default_Handler:00000000 TIM1_TRG_COM_IRQHandler
../../source/src/CMSIS/startup/startup_stm32f10x_hd.s:125    .text.Default_Handler:00000000 TIM1_CC_IRQHandler
../../source/src/CMSIS/startup/startup_stm32f10x_hd.s:125    .text.Default_Handler:00000000 TIM2_IRQHandler
../../source/src/CMSIS/startup/startup_stm32f10x_hd.s:125    .text.Default_Handler:00000000 TIM3_IRQHandler
../../source/src/CMSIS/startup/startup_stm32f10x_hd.s:125    .text.Default_Handler:00000000 TIM4_IRQHandler
../../source/src/CMSIS/startup/startup_stm32f10x_hd.s:125    .text.Default_Handler:00000000 I2C1_EV_IRQHandler
../../source/src/CMSIS/startup/startup_stm32f10x_hd.s:125    .text.Default_Handler:00000000 I2C1_ER_IRQHandler
../../source/src/CMSIS/startup/startup_stm32f10x_hd.s:125    .text.Default_Handler:00000000 I2C2_EV_IRQHandler
../../source/src/CMSIS/startup/startup_stm32f10x_hd.s:125    .text.Default_Handler:00000000 I2C2_ER_IRQHandler
../../source/src/CMSIS/startup/startup_stm32f10x_hd.s:125    .text.Default_Handler:00000000 SPI1_IRQHandler
../../source/src/CMSIS/startup/startup_stm32f10x_hd.s:125    .text.Default_Handler:00000000 SPI2_IRQHandler
ARM GAS  ../../source/src/CMSIS/startup/startup_stm32f10x_hd.s 			page 11


../../source/src/CMSIS/startup/startup_stm32f10x_hd.s:125    .text.Default_Handler:00000000 USART1_IRQHandler
../../source/src/CMSIS/startup/startup_stm32f10x_hd.s:125    .text.Default_Handler:00000000 USART2_IRQHandler
../../source/src/CMSIS/startup/startup_stm32f10x_hd.s:125    .text.Default_Handler:00000000 USART3_IRQHandler
../../source/src/CMSIS/startup/startup_stm32f10x_hd.s:125    .text.Default_Handler:00000000 EXTI15_10_IRQHandler
../../source/src/CMSIS/startup/startup_stm32f10x_hd.s:125    .text.Default_Handler:00000000 RTCAlarm_IRQHandler
../../source/src/CMSIS/startup/startup_stm32f10x_hd.s:125    .text.Default_Handler:00000000 USBWakeUp_IRQHandler
../../source/src/CMSIS/startup/startup_stm32f10x_hd.s:125    .text.Default_Handler:00000000 TIM8_BRK_IRQHandler
../../source/src/CMSIS/startup/startup_stm32f10x_hd.s:125    .text.Default_Handler:00000000 TIM8_UP_IRQHandler
../../source/src/CMSIS/startup/startup_stm32f10x_hd.s:125    .text.Default_Handler:00000000 TIM8_TRG_COM_IRQHandler
../../source/src/CMSIS/startup/startup_stm32f10x_hd.s:125    .text.Default_Handler:00000000 TIM8_CC_IRQHandler
../../source/src/CMSIS/startup/startup_stm32f10x_hd.s:125    .text.Default_Handler:00000000 ADC3_IRQHandler
../../source/src/CMSIS/startup/startup_stm32f10x_hd.s:125    .text.Default_Handler:00000000 FSMC_IRQHandler
../../source/src/CMSIS/startup/startup_stm32f10x_hd.s:125    .text.Default_Handler:00000000 SDIO_IRQHandler
../../source/src/CMSIS/startup/startup_stm32f10x_hd.s:125    .text.Default_Handler:00000000 TIM5_IRQHandler
../../source/src/CMSIS/startup/startup_stm32f10x_hd.s:125    .text.Default_Handler:00000000 SPI3_IRQHandler
../../source/src/CMSIS/startup/startup_stm32f10x_hd.s:125    .text.Default_Handler:00000000 UART4_IRQHandler
../../source/src/CMSIS/startup/startup_stm32f10x_hd.s:125    .text.Default_Handler:00000000 UART5_IRQHandler
../../source/src/CMSIS/startup/startup_stm32f10x_hd.s:125    .text.Default_Handler:00000000 TIM6_IRQHandler
../../source/src/CMSIS/startup/startup_stm32f10x_hd.s:125    .text.Default_Handler:00000000 TIM7_IRQHandler
../../source/src/CMSIS/startup/startup_stm32f10x_hd.s:125    .text.Default_Handler:00000000 DMA2_Channel1_IRQHandler
../../source/src/CMSIS/startup/startup_stm32f10x_hd.s:125    .text.Default_Handler:00000000 DMA2_Channel2_IRQHandler
../../source/src/CMSIS/startup/startup_stm32f10x_hd.s:125    .text.Default_Handler:00000000 DMA2_Channel3_IRQHandler
../../source/src/CMSIS/startup/startup_stm32f10x_hd.s:125    .text.Default_Handler:00000000 DMA2_Channel4_5_IRQHandler
../../source/src/CMSIS/startup/startup_stm32f10x_hd.s:125    .text.Default_Handler:00000000 PendSV_Handler
../../source/src/CMSIS/startup/startup_stm32f10x_hd.s:125    .text.Default_Handler:00000000 SysTick_Handler
../../source/src/CMSIS/startup/startup_stm32f10x_hd.s:481    .text.Reset_Handler:00000030 $d
                            .text:00000000 $d

UNDEFINED SYMBOLS
_sidata
_sdata
_edata
_sbss
_ebss
SystemInit
main
hard_fault_handler_c
_estack
OS_CPU_PendSVHandler
OS_CPU_SysTickHandler
